Using launch settings from src\PoMemeVideo.Api\Properties\launchSettings.json...
ΓòöΓòÉΓòÉΓòÉΓòÉΓòÉΓòÉΓòÉΓòÉΓòÉΓòÉΓòÉΓòÉΓòÉΓòÉΓòÉΓòÉΓòÉΓòÉΓòÉΓòÉΓòÉΓòÉΓòÉΓòÉΓòÉΓòÉΓòÉΓòÉΓòÉΓòÉΓòÉΓòÉΓòÉΓòÉΓòÉΓòÉΓòÉΓòÉΓòÉΓòÉΓòÉΓòÉΓòÉΓòÉΓòÉΓòÉΓòÉΓòÉΓòÉΓòÉΓòù
Γòæ  PoMemeVideo // SOUND LIBRARY SEEDER             Γòæ
ΓòÜΓòÉΓòÉΓòÉΓòÉΓòÉΓòÉΓòÉΓòÉΓòÉΓòÉΓòÉΓòÉΓòÉΓòÉΓòÉΓòÉΓòÉΓòÉΓòÉΓòÉΓòÉΓòÉΓòÉΓòÉΓòÉΓòÉΓòÉΓòÉΓòÉΓòÉΓòÉΓòÉΓòÉΓòÉΓòÉΓòÉΓòÉΓòÉΓòÉΓòÉΓòÉΓòÉΓòÉΓòÉΓòÉΓòÉΓòÉΓòÉΓòÉΓòÉΓò¥

  Found 200 sounds in metadata.

  Γ£ô Blob container 'sounds' ready.
  Γ£ô Table 'SoundAssets' ready.

  [SKIP] VINE BOOM SOUND
  [SKIP] BRUH
  [SKIP] Fart
  [SKIP] Jogo do bot├úo
  [SKIP] Meme
  [SKIP] Anime Wow
  [SKIP] FAHHHHHHHHHHHHHH
  [SKIP] Apple Pay
  [SKIP] Discord Notification
  [SKIP] Sad Violin (the meme one)
  [SKIP] Fart Button
  [SKIP] Among Us role reveal sound
  [SKIP] Tuco: GET OUT
  [SKIP] Buzzer
  [SKIP] SpongeBob Fail
  [SKIP] FAAAH
  [SKIP] anime ahh
  [SKIP] rizz sound effect
  [SKIP] ROBLOX oof
  [SKIP] Fahhh
  [SKIP] Error SOUNDSS
  [SKIP] baby laughing meme
  [SKIP] Metal pipe clang
  [SKIP] ding sound effect
  [SKIP] Punch Sound
  [SKIP] Taco Bell Bong
  [SKIP] fart with reverb
  [SKIP] MLG AIR HORN!!!!!!!!!!!
  [SKIP] app
  [SKIP] spiderman meme song
  [SKIP] instagram thud
  [SKIP] oh no no no laugh
  [SKIP] Bone Crack
  [SKIP] Windows XP Error
  [SKIP] Emotional Damage Meme
  [SKIP] Death sound (Fortnite)
  [SKIP] discord call
  [SKIP] ╨ù╨▓╤â╨║ ╨╗╨╕╤é╨▓╨╕╨╜╨░
  [SKIP] Shocked sound
  [SKIP] dun dun dunnnnnnnn
  [SKIP] Galaxy meme
  [SKIP] Metal Gear Solid Alert
  [SKIP] cat laugh meme 1
  [SKIP] Chicken on tree screaming
  [SKIP] Meme final
  [SKIP] ╨ù╨▓╤â╨║ ╤ä╨╛╤é╨╛╨░╨┐╨┐╨░╤Ç╨░╤é╨░
  [SKIP] Fart Meme Sound
  [SKIP] sad meow song
  [SKIP] RUN vine
  [SKIP] Fears to Fathom Notification Sound
  [SKIP] Door Knocking SOUND EFFECT
  [SKIP] Censor Beep 1
  [SKIP] To be Continued (jojo)
  [SKIP] oh my god bro oh hell nah man
  [SKIP] Mario Jump
  [SKIP] HAha funny laugh
  [SKIP] outro song
  [SKIP] Hub Intro Sound
  [SKIP] discordjoin
  [SKIP] -999 Social Credit Siren
  [SKIP] *Snore* mimimimimimi
  [SKIP] jixaw metal pipe falling sound
  [SKIP] 67
  [SKIP] asian meme huh?
  [SKIP] goku drip
  [SKIP] ACK
  [SKIP] Long brain fart
  [SKIP] Huh? Ceeday
  [SKIP] GopGopGop
  [SKIP] Mac Quack
  [SKIP] Chalo
  [SKIP] M e o w ~
  [SKIP] Oh My God Meme
  [SKIP] a few moments later sponge bob sfx fun
  [SKIP] Dexter meme
  [SKIP] romanceeeeeeeeeeeeee
  [SKIP] WIDE PUTIN MEME
  [SKIP] YAAAAAAAAY
  [SKIP] what da dog doin
  [SKIP] The Nut Button
  [SKIP] FBI open UP
  [SKIP] Among us
  [SKIP] FNAF Jumpscare Scream
  [SKIP] Smoke Detector Beep
  [SKIP] Inception Button
  [SKIP] Prowler Sound Effect
  [SKIP] windows xp shutdown
  [SKIP] Tuturu
  [SKIP] The Undertaker Bell
  [SKIP] Minecraft Hurt
  [SKIP] Fortnite default dance bass boost
  [SKIP] Aww
  [SKIP] AUGHHHHH... AUGHHHHH
  [SKIP] nope.avi
  [SKIP] Roblox Death Sound Effect
  [SKIP] French meme song
  [SKIP] Michael Jackson Hee Hee
  [SKIP] Wow Anime meme
  [SKIP] Shut up!
  [SKIP] Noooo!
  [SKIP] omae wa mou shindeiru NANI
  [SKIP] Fart Meme Sound (Better and louder)
  [SKIP] DEJA VU MEME
  [SKIP] the weeknd rizzz
  [SKIP] 'What' Bottom Text Meme (Sanctuary Guardian) - S
  [SKIP] Sad Trombone
  [SKIP] GTA V - Wasted
  [SKIP] random.mp3
  [SKIP] YEAH !!
  [SKIP] running sound
  [SKIP] iPhone Notification
  [SKIP] Directed by Robert B Weide
  [SKIP] Meme mp3
  [SKIP] Whip
  [SKIP] Rehehehe
  [SKIP] Som do Zap Zap estourado
  [SKIP] minecraft eating sound
  [SKIP] Wait wait wait what the hell legend sound
  [SKIP] Awkward cricket
  [SKIP] lego breaking
  [SKIP] DJ Airhorn
  [SKIP] They ask you how you are meme
  [SKIP] Womp Womp Womp
  [SKIP] Pop SFX
  [SKIP] bye bye mewing
  [SKIP] YIPPEEEEEEEEEEEEEE
  [SKIP] eh?eh?ehhhh?
  [SKIP] FBI OPEN UP (with explosion)
  [SKIP] indian song
  [SKIP] Law and Order DUN DUN
  [SKIP] Hello there- obi Wan
  [SKIP] MI BOMBO
  [SKIP] Bruh meme
  [SKIP] The Price is Right Losing Horn
  [SKIP] WHAT ARE YOU DOING STEP BRO
  [SKIP] AKH
  [SKIP] GunShottttt
  [SKIP] /
  [SKIP] WhatsApp Bass Boosted
  [SKIP] Minecraft Villager Sound
  [SKIP] skibidi toilet
  [SKIP] LIZARD BUTTON
  [SKIP] danger alarm sound effect meme
  [SKIP] Discord Leave Noise
  [SKIP] slap hard
  [SKIP] yeah boiii i i i
  [SKIP] YEET
  [SKIP] AUUGHHH
  [SKIP] Correct Answer GameShow
  [SKIP] quack.mp3
  [SKIP] oi oi oe oi a eye eye
  [SKIP] White tee RIZZ
  [SKIP] Mouse Click Sound
  [SKIP] Duck toy sound
  [SKIP] Aayein Meme
  [SKIP] ╨ö╨╛╨▒╤Ç╨╛╨╡ ╤â╤é╤Ç╨╛ ╨╝╨╛╤Å ╨┤╨╡╨▓╨╛╤ç╨║╨░
  [SKIP] Lobotomy Sound Effect
  [SKIP] AAAAAAAAAAAAAAAAAAAA ├⌐ lutador
  [SKIP] Pluh
  [SKIP] yippee tbh
  [SKIP] BADUM TSS
  [SKIP] Elevator Music Background
  [SKIP] oh my god, wow!
  [SKIP] Doge bonk
  [SKIP] Ngakak laugh annoying
  [SKIP] Nani FULL
  [SKIP] soundpad
  [SKIP] punch sound effect meme
  [SKIP] ╨ñ╨╛╤é╨╛
  [SKIP] Cartoon Slip
  [SKIP] Snoop Dogg meme
  [SKIP] Trololo
  [SKIP] ╨¬╨¡╨Ñ
  [SKIP] Why are you running?
  [SKIP] Oh No No No Tik Tok Song Sound Effect
  [SKIP] Bad to the Bone Riff
  [SKIP] bonk doge
  [SKIP] E o pix? Nada ainda?
  [SKIP] Hyper-Reallistic Knocking
  [SKIP] Good morning vietnam!
  [SKIP] italian brainrot ringtone
  [SKIP] Crickets
  [SKIP] Lagging/loading
  [SKIP] he he he ha clash royale (DEEP FRIED)
  [SKIP] ╨ƒ╤â╨║ ╨▓ ╤ì╤à╨╛
  [SKIP] wet fart
  [SKIP] yes!(lara voice)
  [SKIP] Chipmunk Laugh
  [SKIP] My Name Is Jeff
  [SKIP] discord troll
  [SKIP] hehe boi ainsley harriott
  [SKIP] Succ
  [SKIP] ╨Æ╨╕╨╖╨│ ╤ü╨▓╨╕╨╜╤î╨╕
  [SKIP] ╨ô╤â╨┤╨╛╨║ ╨┐╨╛╨╡╨╖╨┤╨░
  [SKIP] Enemy Spotted
  [SKIP] Amongus Sus
  [SKIP] Huh Cat
  [SKIP] WHAT ARE YOU DOING IN MY SWAMP
  [SKIP] "RUN" vine effect sound
  [SKIP] Coffin Dance Meme

ΓòöΓòÉΓòÉΓòÉΓòÉΓòÉΓòÉΓòÉΓòÉΓòÉΓòÉΓòÉΓòÉΓòÉΓòÉΓòÉΓòÉΓòÉΓòÉΓòÉΓòÉΓòÉΓòÉΓòÉΓòÉΓòÉΓòÉΓòÉΓòÉΓòÉΓòÉΓòÉΓòÉΓòÉΓòÉΓòÉΓòÉΓòÉΓòÉΓòÉΓòÉΓòÉΓòÉΓòÉΓòÉΓòÉΓòÉΓòÉΓòÉΓòÉΓòÉΓòù
Γòæ  DONE ΓÇö Seeded:    0 | Skipped:  200 | Failed:    0  Γòæ
ΓòÜΓòÉΓòÉΓòÉΓòÉΓòÉΓòÉΓòÉΓòÉΓòÉΓòÉΓòÉΓòÉΓòÉΓòÉΓòÉΓòÉΓòÉΓòÉΓòÉΓòÉΓòÉΓòÉΓòÉΓòÉΓòÉΓòÉΓòÉΓòÉΓòÉΓòÉΓòÉΓòÉΓòÉΓòÉΓòÉΓòÉΓòÉΓòÉΓòÉΓòÉΓòÉΓòÉΓòÉΓòÉΓòÉΓòÉΓòÉΓòÉΓòÉΓòÉΓò¥
